// Vitest Snapshot v1, https://vitest.dev/guide/snapshot.html

exports[`should render 1`] = `
<DocumentFragment>
  <div
    class="_Settings_65046f"
  >
    <div
      class="_heading_65046f"
    >
      <nav
        class="_Tabs_593fdd"
      >
        <div
          class="_TabItem_593fdd "
        >
          <a
            class="_button_593fdd "
            href="/settings/general"
          >
            general
          </a>
        </div>
        <div
          class="_TabItem_593fdd "
        >
          <a
            class="_button_593fdd "
            href="/settings/security"
          >
            security
          </a>
        </div>
      </nav>
    </div>
    <div
      class="_content_65046f"
    />
  </div>
</DocumentFragment>
`;
